// Jest Snapshot v1, https://goo.gl/fbAQLP

exports[`Should AddReview render correctly 1`] = `
<section
  className="movie-card movie-card--full"
  style={
    Object {
      "backgroundColor": "#795433",
    }
  }
>
  <div
    className="movie-card__header"
  >
    <div
      className="movie-card__bg"
    >
      <img
        alt="Pulp Fiction"
        src="https://assets.htmlacademy.ru/intensives/javascript-3/film/background/Pulp_Fiction.jpg"
      />
    </div>
    <h1
      className="visually-hidden"
    >
      WTW
    </h1>
    <header
      className="page-header"
    >
      <LogoHeader />
      <nav
        className="breadcrumbs"
      >
        <ul
          className="breadcrumbs__list"
        >
          <li
            className="breadcrumbs__item"
          >
            <a
              className="breadcrumbs__link"
              href="/films/1"
              onClick={[Function]}
            >
              Pulp Fiction
            </a>
          </li>
          <li
            className="breadcrumbs__item"
          >
            <a
              className="breadcrumbs__link"
            >
              Add review
            </a>
          </li>
        </ul>
      </nav>
      <UserBlock />
    </header>
    <div
      className="movie-card__poster movie-card__poster--small"
    >
      <img
        alt="Pulp Fiction"
        height="327"
        src="https://assets.htmlacademy.ru/intensives/javascript-3/film/poster/Pulp_Fiction.jpg"
        width="218"
      />
    </div>
  </div>
  <div
    className="add-review"
  >
    <AddReviewForm
      currentFilmId={1}
    />
  </div>
</section>
`;
